[{"stream_name":"stdout","time":0.628250116,"data":"{\"status\":\"BOUND\",\"bound_ip\":\"8.229.26.13\",\"bound_time\":\"2026-10-08T20:34:31Z\",\"effective_expire_time\":\"2026-10-09T08:34:31Z\"}\n"}
,{"stream_name":"stdout","time":15.07169939,"data":"1/200 context_aware status=ok\n"}
,{"stream_name":"stdout","time":16.458988445,"data":"2/200 feature_only status=ok\n"}
,{"stream_name":"stdout","time":20.822109784,"data":"3/200 context_aware status=ok\n"}
,{"stream_name":"stdout","time":22.089788169,"data":"4/200 feature_only status=ok\n"}
,{"stream_name":"stdout","time":25.027055905,"data":"5/200 context_aware status=ok\n"}
,{"stream_name":"stdout","time":26.521527342,"data":"6/200 feature_only status=ok\n"}
,{"stream_name":"stdout","time":30.397741802,"data":"7/200 context_aware status=ok\n"}
,{"stream_name":"stdout","time":33.092276028,"data":"8/200 feature_only status=ok\n"}
,{"stream_name":"stdout","time":37.337891797,"data":"9/200 context_aware status=ok\n"}
,{"stream_name":"stdout","time":39.104987022,"data":"10/200 feature_only status=ok\n"}
,{"stream_name":"stdout","time":41.029100615,"data":"11/200 context_aware status=ok\n"}
,{"stream_name":"stdout","time":42.511943909,"data":"12/200 feature_only status=ok\n"}
,{"stream_name":"stdout","time":46.44992111,"data":"13/200 context_aware status=ok\n"}
,{"stream_name":"stdout","time":49.102903615,"data":"14/200 feature_only status=ok\n"}
,{"stream_name":"stdout","time":51.937755766,"data":"15/200 context_aware status=ok\n"}
,{"stream_name":"stdout","time":53.89154349,"data":"16/200 feature_only status=ok\n"}
,{"stream_name":"stdout","time":59.407266991,"data":"17/200 context_aware status=ok\n"}
,{"stream_name":"stdout","time":61.045261534,"data":"18/200 feature_only status=ok\n"}
,{"stream_name":"stdout","time":62.619041423,"data":"19/200 context_aware status=ok\n"}
,{"stream_name":"stdout","time":65.911605807,"data":"20/200 feature_only status=ok\n"}
,{"stream_name":"stdout","time":69.664696896,"data":"21/200 context_aware status=ok\n"}
,{"stream_name":"stdout","time":71.022596815,"data":"22/200 feature_only status=ok\n"}
,{"stream_name":"stdout","time":75.036148153,"data":"23/200 context_aware status=ok\n"}
,{"stream_name":"stdout","time":76.605593434,"data":"24/200 feature_only status=ok\n"}
,{"stream_name":"stdout","time":78.845862853,"data":"25/200 context_aware status=ok\n"}
,{"stream_name":"stdout","time":80.651553177,"data":"26/200 feature_only status=ok\n"}
,{"stream_name":"stdout","time":83.369318535,"data":"27/200 context_aware status=ok\n"}
,{"stream_name":"stdout","time":86.1951058,"data":"28/200 feature_only status=ok\n"}
,{"stream_name":"stdout","time":89.087261854,"data":"29/200 context_aware status=ok\n"}
,{"stream_name":"stdout","time":92.396148459,"data":"30/200 feature_only status=ok\n"}
,{"stream_name":"stdout","time":95.723257335,"data":"31/200 context_aware status=ok\n"}
,{"stream_name":"stdout","time":98.753366865,"data":"32/200 feature_only status=ok\n"}
,{"stream_name":"stdout","time":103.258470096,"data":"33/200 context_aware status=ok\n"}
,{"stream_name":"stdout","time":105.304896982,"data":"34/200 feature_only status=ok\n"}
,{"stream_name":"stdout","time":108.637493401,"data":"35/200 context_aware status=ok\n"}
,{"stream_name":"stdout","time":110.767509487,"data":"36/200 feature_only status=ok\n"}
,{"stream_name":"stdout","time":114.734490254,"data":"37/200 context_aware status=ok\n"}
,{"stream_name":"stdout","time":117.493361965,"data":"38/200 feature_only status=ok\n"}
,{"stream_name":"stdout","time":119.592742056,"data":"39/200 context_aware status=ok\n"}
,{"stream_name":"stdout","time":121.306847546,"data":"40/200 feature_only status=ok\n"}
,{"stream_name":"stdout","time":126.732828499,"data":"41/200 context_aware status=ok\n"}
,{"stream_name":"stdout","time":128.862287702,"data":"42/200 feature_only status=ok\n"}
,{"stream_name":"stdout","time":133.829221578,"data":"43/200 context_aware status=ok\n"}
,{"stream_name":"stdout","time":136.082660717,"data":"44/200 feature_only status=ok\n"}
,{"stream_name":"stdout","time":140.511409134,"data":"45/200 context_aware status=ok\n"}
,{"stream_name":"stdout","time":142.572302142,"data":"46/200 feature_only status=ok\n"}
,{"stream_name":"stdout","time":145.616098259,"data":"47/200 context_aware status=ok\n"}
,{"stream_name":"stdout","time":146.574691268,"data":"48/200 feature_only status=ok\n"}
,{"stream_name":"stdout","time":151.969260053,"data":"49/200 context_aware status=ok\n"}
,{"stream_name":"stdout","time":153.694086461,"data":"50/200 feature_only status=ok\n"}
,{"stream_name":"stdout","time":157.961861663,"data":"51/200 context_aware status=ok\n"}
,{"stream_name":"stdout","time":160.05054861,"data":"52/200 feature_only status=ok\n"}
,{"stream_name":"stdout","time":164.492741746,"data":"53/200 context_aware status=ok\n"}
,{"stream_name":"stdout","time":166.757365543,"data":"54/200 feature_only status=ok\n"}
,{"stream_name":"stdout","time":171.90988824,"data":"55/200 context_aware status=ok\n"}
,{"stream_name":"stdout","time":173.680794611,"data":"56/200 feature_only status=ok\n"}
,{"stream_name":"stdout","time":178.363969065,"data":"57/200 context_aware status=ok\n"}
,{"stream_name":"stdout","time":180.099626368,"data":"58/200 feature_only status=ok\n"}
,{"stream_name":"stdout","time":185.034102742,"data":"59/200 context_aware status=ok\n"}
,{"stream_name":"stdout","time":189.006186362,"data":"60/200 feature_only status=ok\n"}
,{"stream_name":"stdout","time":190.958342913,"data":"61/200 context_aware status=ok\n"}
,{"stream_name":"stdout","time":193.21329044,"data":"62/200 feature_only status=ok\n"}
,{"stream_name":"stdout","time":197.327315173,"data":"63/200 context_aware status=ok\n"}
,{"stream_name":"stdout","time":198.801115744,"data":"64/200 feature_only status=ok\n"}
,{"stream_name":"stdout","time":202.874418925,"data":"65/200 context_aware status=ok\n"}
,{"stream_name":"stdout","time":204.035793047,"data":"66/200 feature_only status=ok\n"}
,{"stream_name":"stdout","time":205.9950263,"data":"67/200 context_aware status=ok\n"}
,{"stream_name":"stdout","time":210.447623887,"data":"68/200 feature_only status=ok\n"}
,{"stream_name":"stdout","time":213.507626044,"data":"69/200 context_aware status=ok\n"}
,{"stream_name":"stdout","time":214.988904683,"data":"70/200 feature_only status=ok\n"}
,{"stream_name":"stdout","time":218.213216953,"data":"71/200 context_aware status=ok\n"}
,{"stream_name":"stdout","time":221.547819005,"data":"72/200 feature_only status=ok\n"}
,{"stream_name":"stdout","time":224.414463676,"data":"73/200 context_aware status=ok\n"}
,{"stream_name":"stdout","time":225.763899312,"data":"74/200 feature_only status=ok\n"}
,{"stream_name":"stdout","time":228.737865508,"data":"75/200 context_aware status=ok\n"}
,{"stream_name":"stdout","time":229.757616656,"data":"76/200 feature_only status=ok\n"}
,{"stream_name":"stdout","time":234.380580401,"data":"77/200 context_aware status=ok\n"}
,{"stream_name":"stdout","time":235.361136438,"data":"78/200 feature_only status=ok\n"}
,{"stream_name":"stdout","time":238.918675,"data":"79/200 context_aware status=ok\n"}
,{"stream_name":"stdout","time":240.395781435,"data":"80/200 feature_only status=ok\n"}
,{"stream_name":"stdout","time":244.180203824,"data":"81/200 context_aware status=ok\n"}
,{"stream_name":"stdout","time":246.113490174,"data":"82/200 feature_only status=ok\n"}
,{"stream_name":"stdout","time":250.177115087,"data":"83/200 context_aware status=ok\n"}
,{"stream_name":"stdout","time":252.204123934,"data":"84/200 feature_only status=ok\n"}
,{"stream_name":"stdout","time":255.367117737,"data":"85/200 context_aware status=ok\n"}
,{"stream_name":"stdout","time":257.652960267,"data":"86/200 feature_only status=ok\n"}
,{"stream_name":"stdout","time":260.472860589,"data":"87/200 context_aware status=ok\n"}
,{"stream_name":"stdout","time":262.38172216,"data":"88/200 feature_only status=ok\n"}
,{"stream_name":"stdout","time":266.229049685,"data":"89/200 context_aware status=ok\n"}
,{"stream_name":"stdout","time":268.090949355,"data":"90/200 feature_only status=ok\n"}
,{"stream_name":"stdout","time":271.881763392,"data":"91/200 context_aware status=ok\n"}
,{"stream_name":"stdout","time":273.604135429,"data":"92/200 feature_only status=ok\n"}
,{"stream_name":"stdout","time":276.369544131,"data":"93/200 context_aware status=ok\n"}
,{"stream_name":"stdout","time":283.067808609,"data":"94/200 feature_only status=ok\n"}
,{"stream_name":"stdout","time":286.400002468,"data":"95/200 context_aware status=ok\n"}
,{"stream_name":"stdout","time":288.34183836,"data":"96/200 feature_only status=ok\n"}
,{"stream_name":"stdout","time":292.33950681,"data":"97/200 context_aware status=ok\n"}
,{"stream_name":"stdout","time":294.667068498,"data":"98/200 feature_only status=ok\n"}
,{"stream_name":"stdout","time":299.082593099,"data":"99/200 context_aware status=ok\n"}
,{"stream_name":"stdout","time":300.65016474,"data":"100/200 feature_only status=ok\n"}
,{"stream_name":"stdout","time":304.278326819,"data":"101/200 context_aware status=ok\n"}
,{"stream_name":"stdout","time":306.187861596,"data":"102/200 feature_only status=ok\n"}
,{"stream_name":"stdout","time":309.457780455,"data":"103/200 context_aware status=ok\n"}
,{"stream_name":"stdout","time":310.417622177,"data":"104/200 feature_only status=ok\n"}
,{"stream_name":"stdout","time":316.99430848,"data":"105/200 context_aware status=ok\n"}
,{"stream_name":"stdout","time":318.429245837,"data":"106/200 feature_only status=ok\n"}
,{"stream_name":"stdout","time":322.811240277,"data":"107/200 context_aware status=ok\n"}
,{"stream_name":"stdout","time":325.633326192,"data":"108/200 feature_only status=ok\n"}
,{"stream_name":"stdout","time":327.299733536,"data":"109/200 context_aware status=ok\n"}
,{"stream_name":"stdout","time":328.926186401,"data":"110/200 feature_only status=ok\n"}
,{"stream_name":"stdout","time":334.789992321,"data":"111/200 context_aware status=ok\n"}
,{"stream_name":"stdout","time":336.363325745,"data":"112/200 feature_only status=ok\n"}
,{"stream_name":"stdout","time":339.739086666,"data":"113/200 context_aware status=ok\n"}
,{"stream_name":"stdout","time":341.452781543,"data":"114/200 feature_only status=ok\n"}
,{"stream_name":"stdout","time":344.916409272,"data":"115/200 context_aware status=ok\n"}
,{"stream_name":"stdout","time":346.466437764,"data":"116/200 feature_only status=ok\n"}
,{"stream_name":"stdout","time":350.403401917,"data":"117/200 context_aware status=ok\n"}
,{"stream_name":"stdout","time":352.311918044,"data":"118/200 feature_only status=ok\n"}
,{"stream_name":"stdout","time":355.839393724,"data":"119/200 context_aware status=ok\n"}
,{"stream_name":"stdout","time":357.387712816,"data":"120/200 feature_only status=ok\n"}
,{"stream_name":"stdout","time":360.514961225,"data":"121/200 context_aware status=ok\n"}
,{"stream_name":"stdout","time":361.634212763,"data":"122/200 feature_only status=ok\n"}
,{"stream_name":"stdout","time":364.002204331,"data":"123/200 context_aware status=ok\n"}
,{"stream_name":"stdout","time":365.814494139,"data":"124/200 feature_only status=ok\n"}
,{"stream_name":"stdout","time":369.878842818,"data":"125/200 context_aware status=ok\n"}
,{"stream_name":"stdout","time":372.638645656,"data":"126/200 feature_only status=ok\n"}
,{"stream_name":"stdout","time":377.96637497,"data":"127/200 context_aware status=ok\n"}
,{"stream_name":"stdout","time":378.986048676,"data":"128/200 feature_only status=ok\n"}
,{"stream_name":"stdout","time":382.330810285,"data":"129/200 context_aware status=ok\n"}
,{"stream_name":"stdout","time":384.115841489,"data":"130/200 feature_only status=ok\n"}
,{"stream_name":"stdout","time":389.22025423,"data":"131/200 context_aware status=ok\n"}
,{"stream_name":"stdout","time":391.87342837,"data":"132/200 feature_only status=ok\n"}
,{"stream_name":"stdout","time":394.631527376,"data":"133/200 context_aware status=ok\n"}
,{"stream_name":"stdout","time":396.671420182,"data":"134/200 feature_only status=ok\n"}
,{"stream_name":"stdout","time":399.756719974,"data":"135/200 context_aware status=ok\n"}
,{"stream_name":"stdout","time":400.872040954,"data":"136/200 feature_only status=ok\n"}
,{"stream_name":"stdout","time":404.167558203,"data":"137/200 context_aware status=ok\n"}
,{"stream_name":"stdout","time":405.618073765,"data":"138/200 feature_only status=ok\n"}
,{"stream_name":"stdout","time":408.804108777,"data":"139/200 context_aware status=ok\n"}
,{"stream_name":"stdout","time":410.474091033,"data":"140/200 feature_only status=ok\n"}
,{"stream_name":"stdout","time":414.502241527,"data":"141/200 context_aware status=ok\n"}
,{"stream_name":"stdout","time":416.960909846,"data":"142/200 feature_only status=ok\n"}
,{"stream_name":"stdout","time":421.788572598,"data":"143/200 context_aware status=ok\n"}
,{"stream_name":"stdout","time":423.612334363,"data":"144/200 feature_only status=ok\n"}
,{"stream_name":"stdout","time":427.911102307,"data":"145/200 context_aware status=ok\n"}
,{"stream_name":"stdout","time":430.736211471,"data":"146/200 feature_only status=ok\n"}
,{"stream_name":"stdout","time":435.300091117,"data":"147/200 context_aware status=ok\n"}
,{"stream_name":"stdout","time":437.779832182,"data":"148/200 feature_only status=ok\n"}
,{"stream_name":"stdout","time":442.680958649,"data":"149/200 context_aware status=ok\n"}
,{"stream_name":"stdout","time":444.258767437,"data":"150/200 feature_only status=ok\n"}
,{"stream_name":"stdout","time":450.553652588,"data":"151/200 context_aware status=ok\n"}
,{"stream_name":"stdout","time":451.955297912,"data":"152/200 feature_only status=ok\n"}
,{"stream_name":"stdout","time":456.587533465,"data":"153/200 context_aware status=ok\n"}
,{"stream_name":"stdout","time":459.563897039,"data":"154/200 feature_only status=ok\n"}
,{"stream_name":"stdout","time":466.245901965,"data":"155/200 context_aware status=ok\n"}
,{"stream_name":"stdout","time":468.085665718,"data":"156/200 feature_only status=ok\n"}
,{"stream_name":"stdout","time":472.117727166,"data":"157/200 context_aware status=ok\n"}
,{"stream_name":"stdout","time":473.91733013,"data":"158/200 feature_only status=ok\n"}
,{"stream_name":"stdout","time":478.52921524,"data":"159/200 context_aware status=ok\n"}
,{"stream_name":"stdout","time":480.222332869,"data":"160/200 feature_only status=ok\n"}
,{"stream_name":"stdout","time":484.980359427,"data":"161/200 context_aware status=ok\n"}
,{"stream_name":"stdout","time":485.968430277,"data":"162/200 feature_only status=ok\n"}
,{"stream_name":"stdout","time":489.569321266,"data":"163/200 context_aware status=ok\n"}
,{"stream_name":"stdout","time":490.902253298,"data":"164/200 feature_only status=ok\n"}
,{"stream_name":"stdout","time":494.668924225,"data":"165/200 context_aware status=ok\n"}
,{"stream_name":"stdout","time":497.293134503,"data":"166/200 feature_only status=ok\n"}
,{"stream_name":"stdout","time":501.915777433,"data":"167/200 context_aware status=ok\n"}
,{"stream_name":"stdout","time":503.282047391,"data":"168/200 feature_only status=ok\n"}
,{"stream_name":"stdout","time":506.750288885,"data":"169/200 context_aware status=ok\n"}
,{"stream_name":"stdout","time":508.137787386,"data":"170/200 feature_only status=ok\n"}
,{"stream_name":"stdout","time":511.117066592,"data":"171/200 context_aware status=ok\n"}
,{"stream_name":"stdout","time":513.363491299,"data":"172/200 feature_only status=ok\n"}
,{"stream_name":"stdout","time":516.945253385,"data":"173/200 context_aware status=ok\n"}
,{"stream_name":"stdout","time":518.992807276,"data":"174/200 feature_only status=ok\n"}
,{"stream_name":"stdout","time":523.316631097,"data":"175/200 context_aware status=ok\n"}
,{"stream_name":"stdout","time":524.334756277,"data":"176/200 feature_only status=ok\n"}
,{"stream_name":"stdout","time":529.083507661,"data":"177/200 context_aware status=ok\n"}
,{"stream_name":"stdout","time":531.101700022,"data":"178/200 feature_only status=ok\n"}
,{"stream_name":"stdout","time":536.428538338,"data":"179/200 context_aware status=ok\n"}
,{"stream_name":"stdout","time":538.408915152,"data":"180/200 feature_only status=ok\n"}
,{"stream_name":"stdout","time":541.268764179,"data":"181/200 context_aware status=ok\n"}
,{"stream_name":"stdout","time":542.715793174,"data":"182/200 feature_only status=ok\n"}
,{"stream_name":"stdout","time":548.861931038,"data":"183/200 context_aware status=ok\n"}
,{"stream_name":"stdout","time":550.197423506,"data":"184/200 feature_only status=ok\n"}
,{"stream_name":"stdout","time":553.883656061,"data":"185/200 context_aware status=ok\n"}
,{"stream_name":"stdout","time":555.180986266,"data":"186/200 feature_only status=ok\n"}
,{"stream_name":"stdout","time":559.525133384,"data":"187/200 context_aware status=ok\n"}
,{"stream_name":"stdout","time":560.523368881,"data":"188/200 feature_only status=ok\n"}
,{"stream_name":"stdout","time":564.107700326,"data":"189/200 context_aware status=ok\n"}
,{"stream_name":"stdout","time":565.112241845,"data":"190/200 feature_only status=ok\n"}
,{"stream_name":"stdout","time":571.140890632,"data":"191/200 context_aware status=ok\n"}
,{"stream_name":"stdout","time":573.556668799,"data":"192/200 feature_only status=ok\n"}
,{"stream_name":"stdout","time":579.093514956,"data":"193/200 context_aware status=ok\n"}
,{"stream_name":"stdout","time":581.108167633,"data":"194/200 feature_only status=ok\n"}
,{"stream_name":"stdout","time":584.225833572,"data":"195/200 context_aware status=ok\n"}
,{"stream_name":"stdout","time":585.285073354,"data":"196/200 feature_only status=ok\n"}
,{"stream_name":"stdout","time":588.308184931,"data":"197/200 context_aware status=ok\n"}
,{"stream_name":"stdout","time":589.699887285,"data":"198/200 feature_only status=ok\n"}
,{"stream_name":"stdout","time":593.086361243,"data":"199/200 context_aware status=ok\n"}
,{"stream_name":"stdout","time":594.152952319,"data":"200/200 feature_only status=ok\n"}
,{"stream_name":"stderr","time":594.154434461,"data":"Wrong return type \u003cclass 'dict'\u003e. Expected None | kaggle_benchmarks.results.Unknown. This may need to lead to unexpected task behavior.\n"}
,{"stream_name":"stderr","time":594.154472423,"data":"\n"}
,{"stream_name":"stderr","time":594.154493852,"data":"Wrong return type \u003cclass 'dict'\u003e. Expected None | kaggle_benchmarks.results.Unknown. This may need to lead to unexpected task behavior.\n"}
,{"stream_name":"stderr","time":667.086795374,"data":"/benchmarks/.venv/lib/python3.12/site-packages/traitlets/traitlets.py:2930: FutureWarning: --Exporter.preprocessors=[\"remove_papermill_header.RemovePapermillHeader\"] for containers is deprecated in traitlets 5.0. You can pass `--Exporter.preprocessors item` ... multiple times to add items to a list.\n"}
,{"stream_name":"stderr","time":667.086888453,"data":"  warn(\n"}
,{"stream_name":"stderr","time":667.113382784,"data":"[NbConvertApp] Converting notebook __notebook__.ipynb to notebook\n"}
,{"stream_name":"stderr","time":667.736393494,"data":"[NbConvertApp] Writing 15575746 bytes to __notebook__.ipynb\n"}
,{"stream_name":"stderr","time":670.981624648,"data":"/benchmarks/.venv/lib/python3.12/site-packages/traitlets/traitlets.py:2930: FutureWarning: --Exporter.preprocessors=[\"nbconvert.preprocessors.ExtractOutputPreprocessor\"] for containers is deprecated in traitlets 5.0. You can pass `--Exporter.preprocessors item` ... multiple times to add items to a list.\n"}
,{"stream_name":"stderr","time":670.981662331,"data":"  warn(\n"}
,{"stream_name":"stderr","time":671.01042906,"data":"[NbConvertApp] Converting notebook __notebook__.ipynb to html\n"}
,{"stream_name":"stderr","time":672.479000517,"data":"/benchmarks/.venv/share/jupyter/nbconvert/templates/base/display_priority.j2:32: UserWarning: Your element with mimetype(s) dict_keys([]) is not able to be represented.\n"}
,{"stream_name":"stderr","time":672.479076982,"data":"  {%- elif type == 'text/vnd.mermaid' -%}\n"}
,{"stream_name":"stderr","time":672.781955728,"data":"[NbConvertApp] Writing 14512856 bytes to __results__.html\n"}
]